/Users/wangemily/Desktop/2024-fall-cs-122b-emily-shelly-goodjob/src/IndexServlet.java
/Users/wangemily/Desktop/2024-fall-cs-122b-emily-shelly-goodjob/src/MoviesServlet.java
/Users/wangemily/Desktop/2024-fall-cs-122b-emily-shelly-goodjob/src/GetCartServlet.java
/Users/wangemily/Desktop/2024-fall-cs-122b-emily-shelly-goodjob/src/LoginFilter.java
/Users/wangemily/Desktop/2024-fall-cs-122b-emily-shelly-goodjob/src/AddToCartServlet.java
/Users/wangemily/Desktop/2024-fall-cs-122b-emily-shelly-goodjob/src/DeleteCartItemServlet.java
/Users/wangemily/Desktop/2024-fall-cs-122b-emily-shelly-goodjob/src/LoginServlet.java
/Users/wangemily/Desktop/2024-fall-cs-122b-emily-shelly-goodjob/src/PlaceOrderServlet.java
/Users/wangemily/Desktop/2024-fall-cs-122b-emily-shelly-goodjob/src/GenreServlet.java
/Users/wangemily/Desktop/2024-fall-cs-122b-emily-shelly-goodjob/src/SingleStarServlet.java
/Users/wangemily/Desktop/2024-fall-cs-122b-emily-shelly-goodjob/src/User.java
/Users/wangemily/Desktop/2024-fall-cs-122b-emily-shelly-goodjob/src/UpdateCartItemServlet.java
/Users/wangemily/Desktop/2024-fall-cs-122b-emily-shelly-goodjob/src/MainServlet.java
/Users/wangemily/Desktop/2024-fall-cs-122b-emily-shelly-goodjob/src/SingleMovieServlet.java
/Users/wangemily/Desktop/2024-fall-cs-122b-emily-shelly-goodjob/src/TitleServlet.java
